WARNING:tensorflow:From C:\Users\liude\Documents\Apps\Log_Anomaly_Predictor\venv\Lib\site-packages\keras\src\backend\tensorflow\core.py:232: The name tf.placeholder is deprecated. Please use tf.compat.v1.placeholder instead.

Training a new model from scratch
Model ready. Starting fit()...
Epoch 1/3

[1m1/3[0m [32m======[0m[37m==============[0m [1m9s[0m 5s/step - acc: 0.0039 - loss: 7.1338 - top5_acc: 0.0078
[1m3/3[0m [32m====================[0m[37m[0m [1m0s[0m 30ms/step - acc: 0.0037 - loss: 7.1136 - top5_acc: 0.0062
[1m3/3[0m [32m====================[0m[37m[0m [1m5s[0m 249ms/step - acc: 0.0033 - loss: 7.1014 - top5_acc: 0.0050 - val_acc: 0.0000e+00 - val_loss: 7.0451 - val_top5_acc: 0.0000e+00
Epoch 2/3

[1m1/3[0m [32m======[0m[37m==============[0m [1m0s[0m 52ms/step - acc: 0.0039 - loss: 7.0543 - top5_acc: 0.0117
[1m3/3[0m [32m====================[0m[37m[0m [1m0s[0m 31ms/step - acc: 0.0049 - loss: 7.0312 - top5_acc: 0.0159
[1m3/3[0m [32m====================[0m[37m[0m [1m0s[0m 91ms/step - acc: 0.0050 - loss: 7.0186 - top5_acc: 0.0165 - val_acc: 0.0000e+00 - val_loss: 7.0348 - val_top5_acc: 0.0000e+00
Epoch 3/3

[1m1/3[0m [32m======[0m[37m==============[0m [1m0s[0m 59ms/step - acc: 0.0000e+00 - loss: 6.9688 - top5_acc: 0.0078
[1m3/3[0m [32m====================[0m[37m[0m [1m0s[0m 30ms/step - acc: 0.0000e+00 - loss: 6.9710 - top5_acc: 0.0062
[1m3/3[0m [32m====================[0m[37m[0m [1m0s[0m 82ms/step - acc: 0.0000e+00 - loss: 6.9733 - top5_acc: 0.0050 - val_acc: 0.0000e+00 - val_loss: 7.0267 - val_top5_acc: 0.0000e+00

Saved:
  models/log_transformer.keras  (best by val_loss)
  models/log_transformer_meta.json
  outputs/training_history.csv
  outputs\metrics_summary.json
  outputs\log_alerts_train_val_internal_test.csv
  outputs\entity_timelines_train_val_internal_test/<entity>.png
  outputs\nll_hist_val.png
  outputs\nll_hist_internal_test.png
